"""
@generated by mypy-protobuf.  Do not edit manually!
isort:skip_file
"""
import builtins
import google.protobuf.descriptor
import google.protobuf.message
import typing
import typing_extensions

DESCRIPTOR: google.protobuf.descriptor.FileDescriptor = ...

class DummyRequest(google.protobuf.message.Message):
    DESCRIPTOR: google.protobuf.descriptor.Descriptor = ...
    VALUE_FIELD_NUMBER: builtins.int
    value: typing.Text = ...
    def __init__(self,
        *,
        value : typing.Text = ...,
        ) -> None: ...
    def ClearField(self, field_name: typing_extensions.Literal[u"value",b"value"]) -> None: ...
global___DummyRequest = DummyRequest

class DummyReply(google.protobuf.message.Message):
    DESCRIPTOR: google.protobuf.descriptor.Descriptor = ...
    VALUE_FIELD_NUMBER: builtins.int
    value: typing.Text = ...
    def __init__(self,
        *,
        value : typing.Text = ...,
        ) -> None: ...
    def ClearField(self, field_name: typing_extensions.Literal[u"value",b"value"]) -> None: ...
global___DummyReply = DummyReply
